cargo :     Finished `test` profile [unoptimized + 
debuginfo] target(s) in 0.22s
No linha:1 caractere:1
+ cargo test -p mlx-agent-skills > test_output.txt 
2>&1; Get-Content te ...
+ ~~~~~~~~~~~~~~~~~~~~~~~~~~~~~~~~~~~~~~~~~~~~~~~~~~~~~
    + CategoryInfo          : NotSpecified: (    Finis 
   hed `t...get(s) in 0.22s:String) [], RemoteExcepti  
  on
    + FullyQualifiedErrorId : NativeCommandError
 
     Running unittests src\lib.rs (target\debug\deps\ml
x_agent_skills-b213072c902d9e99.exe)

running 24 tests
test frontmatter::tests::parse_invalid_no_frontmatter ... ok
test frontmatter::tests::parse_invalid_unclosed_frontmatter ... ok
test frontmatter::tests::basedir_substitution ... ok
test frontmatter::tests::parse_always_skill ... ok
test frontmatter::tests::parse_any_bins ... ok
test frontmatter::tests::parse_invalid_yaml ... ok
test frontmatter::tests::parse_complex_metadata ... ok
test frontmatter::tests::parse_capabilities ... FAILED
test frontmatter::tests::parse_os_filtered_skill ... ok
test frontmatter::tests::requirement_check_empty_is_satisfied ... ok
test frontmatter::tests::parse_valid_frontmatter ... ok
test loader::tests::build_prompt_always_skills_first ... ok
test loader::tests::build_prompt_respects_char_limit ... ok
test frontmatter::tests::to_skill_package_full ... ok
test loader::tests::build_prompt_respects_max_skills ... ok
test resolver::tests::registry_skill_meta_serializes ... ok
test types::tests::defaults_are_restrictive ... ok
test types::tests::skill_requirements_default_empty ... ok
test loader::tests::load_skips_nonexistent_dir ... ok
test types::tests::trust_level_ordering ... ok
test loader::tests::load_respects_file_size_limit ... ok
test loader::tests::load_all_from_workspace ... ok
test frontmatter::tests::requirement_check_missing_bins ... ok
test frontmatter::tests::requirement_check_any_bins_none_present ... ok

failures:

---- frontmatter::tests::parse_capabilities stdout ----

thread 'frontmatter::tests::parse_capabilities' (29288) panicked at crates\agent-skills\src\frontmatter.rs:426:56:
called `Option::unwrap()` on a `None` value
note: run with `RUST_BACKTRACE=1` environment variable to display a backtrace


failures:
    frontmatter::tests::parse_capabilities

test result: FAILED. 23 passed; 1 failed; 0 ignored; 0 measured; 0 filtered out; finished in 0.02s

error: test failed, to rerun pass `-p mlx-agent-skills 
--lib`
